[noncascade] 136435 terminal jobs, procs=16
[noncascade] 2000/136435 el=34s rate=58.2/s eta=2312s
[noncascade] 4000/136435 el=49s rate=81.7/s eta=1622s
[noncascade] 6000/136435 el=63s rate=95.6/s eta=1364s
[noncascade] 8000/136435 el=77s rate=103.9/s eta=1236s
[noncascade] 10000/136435 el=93s rate=107.4/s eta=1177s
[noncascade] 12000/136435 el=104s rate=115.6/s eta=1077s
[noncascade] 14000/136435 el=108s rate=129.7/s eta=944s
[noncascade] 16000/136435 el=119s rate=134.4/s eta=896s
[noncascade] 18000/136435 el=134s rate=134.1/s eta=883s
[noncascade] 20000/136435 el=143s rate=140.1/s eta=831s
[noncascade] 22000/136435 el=146s rate=150.8/s eta=759s
[noncascade] 24000/136435 el=158s rate=152.2/s eta=739s
[noncascade] 26000/136435 el=166s rate=156.2/s eta=707s
[noncascade] 28000/136435 el=169s rate=166.0/s eta=653s
[noncascade] 30000/136435 el=174s rate=172.4/s eta=618s
[noncascade] 32000/136435 el=177s rate=180.7/s eta=578s
[noncascade] 34000/136435 el=180s rate=189.2/s eta=542s
[noncascade] 36000/136435 el=182s rate=197.9/s eta=507s
[noncascade] 38000/136435 el=184s rate=206.3/s eta=477s
[noncascade] 40000/136435 el=186s rate=214.7/s eta=449s
[noncascade] 42000/136435 el=189s rate=221.7/s eta=426s
[noncascade] 44000/136435 el=192s rate=229.6/s eta=403s
[noncascade] 46000/136435 el=194s rate=237.2/s eta=381s
[noncascade] 48000/136435 el=196s rate=245.3/s eta=361s
[noncascade] 50000/136435 el=198s rate=252.7/s eta=342s
[noncascade] 52000/136435 el=200s rate=260.5/s eta=324s
[noncascade] 54000/136435 el=201s rate=268.0/s eta=308s
[noncascade] 56000/136435 el=203s rate=275.2/s eta=292s
[noncascade] 58000/136435 el=205s rate=282.7/s eta=277s
[noncascade] 60000/136435 el=207s rate=290.1/s eta=263s
[noncascade] 62000/136435 el=209s rate=297.3/s eta=250s
[noncascade] 64000/136435 el=210s rate=305.0/s eta=238s
[noncascade] 66000/136435 el=211s rate=312.5/s eta=225s
[noncascade] 68000/136435 el=212s rate=320.1/s eta=214s
[noncascade] 70000/136435 el=214s rate=327.7/s eta=203s
[noncascade] 72000/136435 el=215s rate=335.4/s eta=192s
[noncascade] 74000/136435 el=216s rate=342.9/s eta=182s
[noncascade] 76000/136435 el=217s rate=350.8/s eta=172s
[noncascade] 78000/136435 el=218s rate=358.3/s eta=163s
[noncascade] 80000/136435 el=219s rate=365.7/s eta=154s
[noncascade] 82000/136435 el=220s rate=373.3/s eta=146s
[noncascade] 84000/136435 el=221s rate=380.7/s eta=138s
[noncascade] 86000/136435 el=221s rate=388.6/s eta=130s
[noncascade] 88000/136435 el=222s rate=396.1/s eta=122s
[noncascade] 90000/136435 el=223s rate=403.8/s eta=115s
[noncascade] 92000/136435 el=224s rate=411.5/s eta=108s
[noncascade] 94000/136435 el=224s rate=419.1/s eta=101s
[noncascade] 96000/136435 el=225s rate=426.8/s eta=95s
[noncascade] 98000/136435 el=226s rate=434.3/s eta=88s
[noncascade] 100000/136435 el=226s rate=442.1/s eta=82s
[noncascade] 102000/136435 el=227s rate=449.9/s eta=77s
[noncascade] 104000/136435 el=227s rate=458.0/s eta=71s
[noncascade] 106000/136435 el=227s rate=466.0/s eta=65s
[noncascade] 108000/136435 el=228s rate=474.2/s eta=60s
[noncascade] 110000/136435 el=228s rate=482.4/s eta=55s
[noncascade] 112000/136435 el=228s rate=490.6/s eta=50s
[noncascade] 114000/136435 el=229s rate=498.8/s eta=45s
[noncascade] 116000/136435 el=229s rate=507.1/s eta=40s
[noncascade] 118000/136435 el=229s rate=515.4/s eta=36s
[noncascade] 120000/136435 el=229s rate=523.7/s eta=31s
[noncascade] 122000/136435 el=229s rate=532.1/s eta=27s
[noncascade] 124000/136435 el=229s rate=540.6/s eta=23s
[noncascade] 126000/136435 el=229s rate=549.1/s eta=19s
[noncascade] 128000/136435 el=230s rate=557.3/s eta=15s
[noncascade] 130000/136435 el=230s rate=565.6/s eta=11s
[noncascade] 132000/136435 el=230s rate=574.1/s eta=8s
[noncascade] 134000/136435 el=230s rate=582.3/s eta=4s
[noncascade] 136000/136435 el=230s rate=590.9/s eta=1s
[noncascade] 136435/136435 el=230s rate=592.5/s eta=0s
[noncascade] DONE []
[noncascade] SUMMARY {"tag": "noncascade", "elapsed_sec": 230.4, "terminals": 136435, "scan_nodes": 121827, "div_nodes": 14608, "max_w": 199969, "max_ms": 18580.5, "solutions": [], "anomalies": []}
[cascade] 136241 terminal jobs, procs=16
[cascade] 2000/136241 el=31s rate=64.7/s eta=2076s
[cascade] 4000/136241 el=51s rate=78.1/s eta=1692s
[cascade] 6000/136241 el=72s rate=83.1/s eta=1568s
[cascade] 8000/136241 el=91s rate=87.9/s eta=1459s
[cascade] 10000/136241 el=109s rate=91.7/s eta=1377s
[cascade] 12000/136241 el=127s rate=94.8/s eta=1310s
[cascade] 14000/136241 el=145s rate=96.9/s eta=1262s
[cascade] 16000/136241 el=160s rate=99.8/s eta=1204s
[cascade] 18000/136241 el=178s rate=101.2/s eta=1168s
[cascade] 20000/136241 el=199s rate=100.7/s eta=1155s
[cascade] 22000/136241 el=219s rate=100.5/s eta=1137s
[cascade] 24000/136241 el=242s rate=99.3/s eta=1130s
[cascade] 26000/136241 el=262s rate=99.2/s eta=1111s
[cascade] 28000/136241 el=280s rate=99.9/s eta=1083s
[cascade] 30000/136241 el=299s rate=100.3/s eta=1060s
[cascade] 32000/136241 el=318s rate=100.6/s eta=1036s
[cascade] 34000/136241 el=338s rate=100.5/s eta=1017s
[cascade] 36000/136241 el=360s rate=100.0/s eta=1003s
[cascade] 38000/136241 el=382s rate=99.5/s eta=987s
[cascade] 40000/136241 el=400s rate=100.0/s eta=963s
[cascade] 42000/136241 el=418s rate=100.5/s eta=938s
[cascade] 44000/136241 el=435s rate=101.2/s eta=911s
[cascade] 46000/136241 el=452s rate=101.7/s eta=887s
[cascade] 48000/136241 el=472s rate=101.7/s eta=868s
[cascade] 50000/136241 el=489s rate=102.3/s eta=843s
[cascade] 52000/136241 el=504s rate=103.1/s eta=817s
[cascade] 54000/136241 el=522s rate=103.4/s eta=796s
[cascade] 56000/136241 el=540s rate=103.8/s eta=773s
[cascade] 58000/136241 el=557s rate=104.1/s eta=751s
[cascade] 60000/136241 el=572s rate=104.8/s eta=727s
[cascade] 62000/136241 el=590s rate=105.1/s eta=706s
[cascade] 64000/136241 el=606s rate=105.6/s eta=684s
[cascade] 66000/136241 el=622s rate=106.0/s eta=662s
[cascade] 68000/136241 el=638s rate=106.6/s eta=640s
[cascade] 70000/136241 el=652s rate=107.3/s eta=617s
[cascade] 72000/136241 el=668s rate=107.8/s eta=596s
[cascade] 74000/136241 el=685s rate=108.0/s eta=576s
[cascade] 76000/136241 el=703s rate=108.2/s eta=557s
[cascade] 78000/136241 el=720s rate=108.4/s eta=537s
[cascade] 80000/136241 el=733s rate=109.2/s eta=515s
[cascade] 82000/136241 el=750s rate=109.3/s eta=496s
[cascade] 84000/136241 el=767s rate=109.5/s eta=477s
[cascade] 86000/136241 el=785s rate=109.6/s eta=459s
[cascade] 88000/136241 el=801s rate=109.8/s eta=439s
[cascade] 90000/136241 el=817s rate=110.1/s eta=420s
[cascade] 92000/136241 el=833s rate=110.4/s eta=401s
[cascade] 94000/136241 el=850s rate=110.6/s eta=382s
[cascade] 96000/136241 el=865s rate=110.9/s eta=363s
[cascade] 98000/136241 el=882s rate=111.0/s eta=344s
[cascade] 100000/136241 el=901s rate=110.9/s eta=327s
[cascade] 102000/136241 el=920s rate=110.8/s eta=309s
[cascade] 104000/136241 el=939s rate=110.8/s eta=291s
[cascade] 106000/136241 el=959s rate=110.5/s eta=274s
[cascade] 108000/136241 el=979s rate=110.3/s eta=256s
[cascade] 110000/136241 el=997s rate=110.3/s eta=238s
[cascade] 112000/136241 el=1014s rate=110.4/s eta=220s
[cascade] 114000/136241 el=1033s rate=110.4/s eta=202s
[cascade] 116000/136241 el=1050s rate=110.4/s eta=183s
[cascade] 118000/136241 el=1066s rate=110.7/s eta=165s
[cascade] 120000/136241 el=1083s rate=110.8/s eta=147s
[cascade] 122000/136241 el=1099s rate=111.0/s eta=128s
[cascade] 124000/136241 el=1111s rate=111.6/s eta=110s
[cascade] 126000/136241 el=1122s rate=112.3/s eta=91s
