  ..terminal #1000 P=[5, 7, 37, 1297, 1702993]
  ..terminal #2000 P=[5, 7, 37, 1297, 1726787]
  ..terminal #3000 P=[5, 7, 37, 1297, 1751047]
  ..terminal #4000 P=[5, 7, 37, 1297, 1774939]
  ..terminal #5000 P=[5, 7, 37, 1297, 1798543]
  ..terminal #6000 P=[5, 7, 37, 1297, 1822109]
  ..terminal #7000 P=[5, 7, 37, 1297, 1845757]
  ..terminal #8000 P=[5, 7, 37, 1297, 1869293]
  ..terminal #9000 P=[5, 7, 37, 1297, 1892833]
  ..terminal #10000 P=[5, 7, 37, 1297, 1916653]
  ..terminal #11000 P=[5, 7, 37, 1297, 1940173]
  ..terminal #12000 P=[5, 7, 37, 1297, 1963769]
  ..terminal #13000 P=[5, 7, 37, 1297, 1987969]
  ..terminal #14000 P=[5, 7, 37, 1297, 2011939]
  ..terminal #15000 P=[5, 7, 37, 1297, 2035403]
  ..terminal #16000 P=[5, 7, 37, 1297, 2059913]
  ..terminal #17000 P=[5, 7, 37, 1297, 2083513]
  ..terminal #18000 P=[5, 7, 37, 1297, 2108033]
  ..terminal #19000 P=[5, 7, 37, 1297, 2132153]
  ..terminal #20000 P=[5, 7, 37, 1297, 2156299]
  ..terminal #21000 P=[5, 7, 37, 1297, 2179993]
  ..terminal #22000 P=[5, 7, 37, 1297, 2204393]
  ..terminal #23000 P=[5, 7, 37, 1297, 2228333]
  ..terminal #24000 P=[5, 7, 37, 1297, 2252933]
  ..terminal #25000 P=[5, 7, 37, 1297, 2276503]
  ..terminal #26000 P=[5, 7, 37, 1297, 2300693]
  ..terminal #27000 P=[5, 7, 37, 1297, 2324999]
  ..terminal #28000 P=[5, 7, 37, 1297, 2348833]
  ..terminal #29000 P=[5, 7, 37, 1297, 2373067]
  ..terminal #30000 P=[5, 7, 37, 1297, 2397713]
  ..terminal #31000 P=[5, 7, 37, 1297, 2421673]
  ..terminal #32000 P=[5, 7, 37, 1297, 2446463]
  ..terminal #33000 P=[5, 7, 37, 1297, 2470327]
  ..terminal #34000 P=[5, 7, 37, 1297, 2494967]
  ..terminal #35000 P=[5, 7, 37, 1297, 2519597]
  ..terminal #36000 P=[5, 7, 37, 1297, 2543753]
  ..terminal #37000 P=[5, 7, 37, 1297, 2567879]
  ..terminal #38000 P=[5, 7, 37, 1297, 2591669]
  ..terminal #39000 P=[5, 7, 37, 1297, 2616637]
  ..terminal #40000 P=[5, 7, 37, 1297, 2641013]
  ..terminal #41000 P=[5, 7, 37, 1297, 2665189]
  ..terminal #42000 P=[5, 7, 37, 1297, 2689613]
  ..terminal #43000 P=[5, 7, 37, 1297, 2713309]
  ..terminal #44000 P=[5, 7, 37, 1297, 2738353]
  ..terminal #45000 P=[5, 7, 37, 1297, 2762933]
  ..terminal #46000 P=[5, 7, 37, 1297, 2787419]
  ..terminal #47000 P=[5, 7, 37, 1297, 2811343]
  ..terminal #48000 P=[5, 7, 37, 1297, 2835103]
  ..terminal #49000 P=[5, 7, 37, 1297, 2859847]
  ..terminal #50000 P=[5, 7, 37, 1297, 2884559]
  ..terminal #51000 P=[5, 7, 37, 1297, 2908817]
  ..terminal #52000 P=[5, 7, 37, 1297, 2934097]
  ..terminal #53000 P=[5, 7, 37, 1297, 2958353]
  ..terminal #54000 P=[5, 7, 37, 1297, 2982583]
  ..terminal #55000 P=[5, 7, 37, 1297, 3007573]
  ..terminal #56000 P=[5, 7, 37, 1297, 3032773]
  ..terminal #57000 P=[5, 7, 37, 1297, 3058339]
  ..terminal #58000 P=[5, 7, 37, 1297, 3082489]
  ..terminal #59000 P=[5, 7, 37, 1297, 3107729]
  ..terminal #60000 P=[5, 7, 37, 1297, 3131467]
  ..terminal #61000 P=[5, 7, 37, 1297, 3155563]
  ..terminal #62000 P=[5, 7, 37, 1297, 3179557]
  ..terminal #63000 P=[5, 7, 37, 1297, 3203857]
  ..terminal #64000 P=[5, 7, 37, 1297, 3228047]
  ..terminal #65000 P=[5, 7, 37, 1297, 3252547]
  ..terminal #66000 P=[5, 7, 37, 1297, 3277003]
  ..terminal #67000 P=[5, 7, 37, 1297, 3302567]
  ..terminal #68000 P=[5, 7, 37, 1297, 3326753]
  ..terminal #69000 P=[5, 7, 37, 1297, 3352093]
  ..terminal #70000 P=[5, 7, 37, 1297, 3377083]
  ..terminal #71000 P=[5, 7, 37, 1297, 3401417]
  ..terminal #72000 P=[5, 7, 37, 1297, 3426113]
  ..terminal #73000 P=[5, 7, 37, 1297, 3450607]
  ..terminal #74000 P=[5, 7, 37, 1297, 3475903]
  ..terminal #75000 P=[5, 7, 37, 1297, 3501907]
  ..terminal #76000 P=[5, 7, 37, 1297, 3527023]
  ..terminal #77000 P=[5, 7, 37, 1297, 3552023]
  ..terminal #78000 P=[5, 7, 37, 1297, 3576577]
  ..terminal #79000 P=[5, 7, 37, 1297, 3601523]
  ..terminal #80000 P=[5, 7, 37, 1297, 3625793]
  ..terminal #81000 P=[5, 7, 37, 1297, 3650849]
  ..terminal #82000 P=[5, 7, 37, 1297, 3675829]
  ..terminal #83000 P=[5, 7, 37, 1297, 3700819]
  ..terminal #84000 P=[5, 7, 37, 1297, 3725357]
  ..terminal #85000 P=[5, 7, 37, 1297, 3749597]
  ..terminal #86000 P=[5, 7, 37, 1297, 3774929]
  ..terminal #87000 P=[5, 7, 37, 1297, 3799787]
  ..terminal #88000 P=[5, 7, 37, 1297, 3824333]
  ..terminal #89000 P=[5, 7, 37, 1297, 3849653]
  ..terminal #90000 P=[5, 7, 37, 1297, 3875087]
  ..terminal #91000 P=[5, 7, 37, 1297, 3899977]
  ..terminal #92000 P=[5, 7, 37, 1297, 3924533]
  ..terminal #93000 P=[5, 7, 37, 1297, 3949213]
  ..terminal #94000 P=[5, 7, 37, 1297, 3974527]
  ..terminal #95000 P=[5, 7, 37, 1297, 4000189]
  ..terminal #96000 P=[5, 7, 37, 1297, 4025167]
  ..terminal #97000 P=[5, 7, 37, 1297, 4049467]
  ..terminal #98000 P=[5, 7, 37, 1297, 4074793]
  ..terminal #99000 P=[5, 7, 37, 1297, 4099339]
  ..terminal #100000 P=[5, 7, 37, 1297, 4124959]
  ..terminal #101000 P=[5, 7, 37, 1297, 4150009]
  ..terminal #102000 P=[5, 7, 37, 1297, 4174967]
  ..terminal #103000 P=[5, 7, 37, 1297, 4199473]
  ..terminal #104000 P=[5, 7, 37, 1297, 4224427]
  ..terminal #105000 P=[5, 7, 37, 1297, 4249957]
  ..terminal #106000 P=[5, 7, 37, 1297, 4274969]
  ..terminal #107000 P=[5, 7, 37, 1297, 4300369]
  ..terminal #108000 P=[5, 7, 37, 1297, 4326233]
  ..terminal #109000 P=[5, 7, 37, 1297, 4351177]
  ..terminal #110000 P=[5, 7, 37, 1297, 4376887]
  ..terminal #111000 P=[5, 7, 37, 1297, 4402009]
  ..terminal #112000 P=[5, 7, 37, 1297, 4425997]
  ..terminal #113000 P=[5, 7, 37, 1297, 4450177]
  ..terminal #114000 P=[5, 7, 37, 1297, 4475417]
  ..terminal #115000 P=[5, 7, 37, 1297, 4500799]
  ..terminal #116000 P=[5, 7, 37, 1297, 4526329]
  ..terminal #117000 P=[5, 7, 37, 1297, 4552193]
  ..terminal #118000 P=[5, 7, 37, 1297, 4577543]
  ..terminal #119000 P=[5, 7, 37, 1297, 4602847]
  ..terminal #120000 P=[5, 7, 37, 1297, 4627747]
  ..terminal #121000 P=[5, 7, 37, 1297, 4653673]
  ..terminal #122000 P=[5, 7, 37, 1297, 4678777]
  ..terminal #123000 P=[5, 7, 37, 1297, 4703263]
  ..terminal #124000 P=[5, 7, 37, 1297, 4728917]
  ..terminal #125000 P=[5, 7, 37, 1297, 4754273]
  ..terminal #126000 P=[5, 7, 37, 1297, 4779589]
  ..terminal #127000 P=[5, 7, 37, 1297, 4804939]
  ..terminal #128000 P=[5, 7, 37, 1297, 4830223]
  ..terminal #129000 P=[5, 7, 37, 1297, 4854917]
  ..terminal #130000 P=[5, 7, 37, 1297, 4880537]
  ..terminal #131000 P=[5, 7, 37, 1297, 4905157]
  ..terminal #132000 P=[5, 7, 37, 1297, 4930543]
  ..terminal #133000 P=[5, 7, 37, 1297, 4955953]
  ..terminal #134000 P=[5, 7, 37, 1297, 4981057]
  ..terminal #135000 P=[5, 7, 37, 1297, 5006867]
  ..terminal #136000 P=[5, 7, 37, 1297, 5032453]
  ..terminal #137000 P=[5, 7, 37, 1307, 169369]
  ..terminal #138000 P=[5, 7, 37, 1307, 188957]
  ..terminal #139000 P=[5, 7, 37, 1307, 208843]
  ..terminal #140000 P=[5, 7, 37, 1307, 229157]
  ..terminal #141000 P=[5, 7, 37, 1307, 249763]
  ..terminal #142000 P=[5, 7, 37, 1307, 270379]
  ..terminal #143000 P=[5, 7, 37, 1307, 290959]
  ..terminal #144000 P=[5, 7, 37, 1307, 312199]
  ..terminal #145000 P=[5, 7, 37, 1307, 332477]
  ..terminal #146000 P=[5, 7, 37, 1307, 353657]
  ..terminal #147000 P=[5, 7, 37, 1307, 374953]
  ..terminal #148000 P=[5, 7, 37, 1307, 396079]
  ..terminal #149000 P=[5, 7, 37, 1307, 417227]
  ..terminal #150000 P=[5, 7, 37, 1307, 438769]
  ..terminal #151000 P=[5, 7, 37, 1307, 460267]
  ..terminal #152000 P=[5, 7, 37, 1319, 91823]
  ..terminal #153000 P=[5, 7, 37, 1319, 110777]
  ..terminal #154000 P=[5, 7, 37, 1319, 130253]
  ..terminal #155000 P=[5, 7, 37, 1319, 149749]
  ..terminal #156000 P=[5, 7, 37, 1319, 169777]
  ..terminal #157000 P=[5, 7, 37, 1319, 189437]
  ..terminal #158000 P=[5, 7, 37, 1319, 209257]
  ..terminal #159000 P=[5, 7, 37, 1327, 61169]
  ..terminal #160000 P=[5, 7, 37, 1327, 79589]
  ..terminal #161000 P=[5, 7, 37, 1327, 98459]
  ..terminal #162000 P=[5, 7, 37, 1327, 117773]
  ..terminal #163000 P=[5, 7, 37, 1327, 137143]
  ..terminal #164000 P=[5, 7, 37, 1327, 156589]
  ..terminal #165000 P=[5, 7, 37, 1367, 33547]
  ..terminal #166000 P=[5, 7, 37, 1367, 51257]
  ..terminal #167000 P=[5, 7, 37, 1367, 69463]
  ..terminal #168000 P=[5, 7, 37, 1399, 29167]
  ..terminal #169000 P=[5, 7, 37, 1399, 46589]
  ..terminal #170000 P=[5, 7, 37, 1409, 26893]
  ..terminal #171000 P=[5, 7, 37, 1409, 43913]
  ..terminal #172000 P=[5, 7, 37, 1423, 26893]
  ..terminal #173000 P=[5, 7, 37, 1427, 14503]
  ..terminal #174000 P=[5, 7, 37, 1427, 30949]
  ..terminal #175000 P=[5, 7, 37, 1433, 18959]
  ..terminal #176000 P=[5, 7, 37, 1433, 35593]
  ..terminal #177000 P=[5, 7, 37, 1439, 24439]
  ..terminal #178000 P=[5, 7, 37, 1447, 14633]
  ..terminal #179000 P=[5, 7, 37, 1447, 31147]
  ..terminal #180000 P=[5, 7, 37, 1453, 22157]
  ..terminal #181000 P=[5, 7, 37, 1459, 14419]
  ..terminal #182000 P=[5, 7, 37, 1459, 30853]
  ..terminal #183000 P=[5, 7, 37, 1483, 22409]
  ..terminal #184000 P=[5, 7, 37, 1487, 17807]
  ..terminal #185000 P=[5, 7, 37, 1489, 13729]
  ..terminal #186000 P=[5, 7, 37, 1493, 10007]
  ..terminal #187000 P=[5, 7, 37, 1493, 26017]
  ..terminal #188000 P=[5, 7, 37, 1523, 21193]
  ..terminal #189000 P=[5, 7, 37, 1543, 19289]
  ..terminal #190000 P=[5, 7, 37, 1549, 18713]
  ..terminal #191000 P=[5, 7, 37, 1553, 18587]
  ..terminal #192000 P=[5, 7, 37, 1559, 18773]
  ..terminal #193000 P=[5, 7, 37, 1567, 19073]
  ..terminal #194000 P=[5, 7, 37, 1579, 19543]
  ..terminal #195000 P=[5, 7, 37, 1609, 6829]
  ..terminal #196000 P=[5, 7, 37, 1613, 9007]
  ..terminal #197000 P=[5, 7, 37, 1619, 11447]
  ..terminal #198000 P=[5, 7, 37, 1627, 13873]
  ..terminal #199000 P=[5, 7, 37, 1637, 16607]
  ..terminal #200000 P=[5, 7, 37, 1663, 7529]
  ..terminal #201000 P=[5, 7, 37, 1669, 11069]
  ..terminal #202000 P=[5, 7, 37, 1693, 14593]
  ..terminal #203000 P=[5, 7, 37, 1699, 7703]
  ..terminal #204000 P=[5, 7, 37, 1733, 11807]
  ..terminal #205000 P=[5, 7, 37, 1753, 6323]
  ..terminal #206000 P=[5, 7, 37, 1759, 11503]
  ..terminal #207000 P=[5, 7, 37, 1787, 6967]
  ..terminal #208000 P=[5, 7, 37, 1789, 12619]
  ..terminal #209000 P=[5, 7, 37, 1847, 8783]
  ..terminal #210000 P=[5, 7, 37, 1873, 6367]
  ..terminal #211000 P=[5, 7, 37, 1889, 4567]
  ..terminal #212000 P=[5, 7, 37, 1907, 11197]
  ..terminal #213000 P=[5, 7, 37, 1949, 9833]
  ..terminal #214000 P=[5, 7, 37, 1979, 9323]
  ..terminal #215000 P=[5, 7, 37, 1993, 9133]
  ..terminal #216000 P=[5, 7, 37, 2027, 8963]
  ..terminal #217000 P=[5, 7, 37, 2039, 9397]
  ..terminal #218000 P=[5, 7, 37, 2063, 9883]
  ..terminal #219000 P=[5, 7, 37, 2089, 3617]
  ..terminal #220000 P=[5, 7, 37, 2113, 4519]
  ..terminal #221000 P=[5, 7, 37, 2153, 5693]
  ..terminal #222000 P=[5, 7, 37, 2203, 7229]
  ..terminal #223000 P=[5, 7, 37, 2237, 9127]
  ..terminal #224000 P=[5, 7, 37, 2267, 4973]
  ..terminal #225000 P=[5, 7, 37, 2287, 7297]
  ..terminal #226000 P=[5, 7, 37, 2333, 3733]
  ..terminal #227000 P=[5, 7, 37, 2357, 6323]
  ..terminal #228000 P=[5, 7, 37, 2389, 3637]
  ..terminal #229000 P=[5, 7, 37, 2399, 6689]
  ..terminal #230000 P=[5, 7, 37, 2459, 4093]
  ..terminal #231000 P=[5, 7, 37, 2473, 7487]
  ..terminal #232000 P=[5, 7, 37, 2539, 5077]
  ..terminal #233000 P=[5, 7, 37, 2579, 3203]
  ..terminal #234000 P=[5, 7, 37, 2609, 6857]
  ..terminal #235000 P=[5, 7, 37, 2659, 5683]
  ..terminal #236000 P=[5, 7, 37, 2683, 4993]
  ..terminal #237000 P=[5, 7, 37, 2699, 4703]
  ..terminal #238000 P=[5, 7, 37, 2719, 4759]
  ..terminal #239000 P=[5, 7, 37, 2753, 5009]
  ..terminal #240000 P=[5, 7, 37, 2789, 5623]
  ..terminal #241000 P=[5, 7, 37, 2819, 6547]
  ..terminal #242000 P=[5, 7, 37, 2897, 3659]
  ..terminal #243000 P=[5, 7, 37, 2917, 5483]
  ..terminal #244000 P=[5, 7, 37, 2963, 3833]
  ..terminal #245000 P=[5, 7, 37, 3023, 6563]
  ..terminal #246000 P=[5, 7, 37, 3083, 5897]
  ..terminal #247000 P=[5, 7, 37, 3167, 5953]
  ..terminal #248000 P=[5, 7, 37, 3217, 3413]
  ..terminal #249000 P=[5, 7, 37, 3299, 4463]
  ..terminal #250000 P=[5, 7, 37, 3329, 6037]
  ..terminal #251000 P=[5, 7, 37, 3413, 5179]
  ..terminal #252000 P=[5, 7, 37, 3467, 5273]
  ..terminal #253000 P=[5, 7, 37, 3533, 5897]
  ..terminal #254000 P=[5, 7, 37, 3607, 4547]
  ..terminal #255000 P=[5, 7, 37, 3673, 4259]
  ..terminal #256000 P=[5, 7, 37, 3769, 4723]
  ..terminal #257000 P=[5, 7, 37, 3853, 4079]
  ..terminal #258000 P=[5, 7, 37, 3943, 4703]
  ..terminal #259000 P=[5, 7, 37, 4049, 4723]
  ..terminal #260000 P=[5, 7, 37, 4139, 4703]
  ..terminal #261000 P=[5, 7, 37, 4297, 5393]
  ..terminal #262000 P=[5, 7, 37, 4493, 5087]
  ..terminal #263000 P=[5, 7, 37, 4723, 5233]
  ..terminal #264000 P=[5, 7, 47, 157, 9203]
  ..terminal #265000 P=[5, 7, 47, 193, 1097]
  ..terminal #266000 P=[5, 7, 47, 347, 587]
  ..terminal #267000 P=[5, 7, 53, 167, 479]
  ..terminal #268000 P=[5, 7, 59, 103, 977]
  ..terminal #269000 P=[5, 7, 67, 79, 3457]
  ..terminal #270000 P=[5, 7, 67, 179, 263]
  ..terminal #271000 P=[5, 7, 79, 109, 367]
  ..terminal #272000 P=[5, 7, 103, 139, 163]
